#objtype|pool|status|comments|campus|usagetype
pool|lnn30|P|OZ/OY LNB4 V3170 dedicated NFS ESX|ln|regular
#objtype|server|status|comments|campus|pool|make
server|lnn30f1|P||ln|lnn30|Netapp Filer V3170
server|lnn30f2|P||ln|lnn30|Netapp Filer V3170
#objtype|server/pshare|status|campus|pool|nt|nfs|size|notify|vshare|primary_pool|type|primary_server|dg|server|pshare
pshare|lnn30f1/test_share_1|P|ln|lnn30|0|1|1228800||test_share_1||primary||lnn30f1v1|lnn30f1|test_share_1
pshare|lnn30f1/test_share_2|P|ln|lnn30|0|1|1228800||test_share_2||primary||lnn30f1v1|lnn30f1|test_share_2
pshare|lnn30f1/test_share_3|P|ln|lnn30|0|1|1228800||test_share_3||primary||lnn30f1v1|lnn30f1|test_share_3
pshare|lnn30f1/test_share_4|P|ln|lnn30|0|1|1228800||test_share_4||primary||lnn30f1v1|lnn30f1|test_share_4
pshare|lnn30f1/test_share_5|P|ln|lnn30|0|1|1228800||test_share_5||primary||lnn30f1v1|lnn30f1|test_share_5
pshare|lnn30f1/test_share_6|P|ln|lnn30|0|1|1228800||test_share_6||primary||lnn30f1v1|lnn30f1|test_share_6
pshare|lnn30f1/test_share_7|P|ln|lnn30|0|1|1228800||test_share_7||primary||lnn30f1v1|lnn30f1|test_share_7
pshare|lnn30f1/test_share_8|P|ln|lnn30|0|1|1228800||test_share_8||primary||lnn30f1v1|lnn30f1|test_share_8
pshare|lnn30f1/test_share_9|P|ln|lnn30|0|1|1228800||test_share_9||primary||lnn30f1v1|lnn30f1|test_share_9
pshare|lnn30f1/test_share_10|P|ln|lnn30|0|1|1228800||test_share_10||primary||lnn30f1v1|lnn30f1|test_share_10
pshare|lnn30f1/utecl5_share|P|ln|lnn30|0|1|1228800||utecl5_share||primary||lnn30f1v1|lnn30f1|utecl5_share
pshare|lnn30f1/utecl6_share|P|ln|lnn30|0|1|1228800||utecl6_share||primary||lnn30f1v1|lnn30f1|utecl6_share
pshare|lnn30f1/utecl7_share|P|ln|lnn30|0|1|1228800||utecl7_share||primary||lnn30f1v1|lnn30f1|utecl7_share
pshare|lnn30f1/utecl8_share|P|ln|lnn30|0|1|1228800||utecl8_share||primary||lnn30f1v1|lnn30f1|utecl8_share
pshare|lnn30f1/utecl9_share|P|ln|lnn30|0|1|1228800||utecl9_share||primary||lnn30f1v1|lnn30f1|utecl9_share
pshare|lnn30f1/utecl10_share|P|ln|lnn30|0|1|1228800||utecl10_share||primary||lnn30f1v1|lnn30f1|utecl10_share
pshare|lnn30f1/utecl11_share|P|ln|lnn30|0|1|1228800||utecl11_share||primary||lnn30f1v1|lnn30f1|utecl11_share
pshare|lnn30f1/utecl12_share|P|ln|lnn30|0|1|1228800||utecl12_share||primary||lnn30f1v1|lnn30f1|utecl12_share
pshare|lnn30f1/utecl13_share|P|ln|lnn30|0|1|1228800||utecl13_share||primary||lnn30f1v1|lnn30f1|utecl13_share
pshare|lnn30f1/utecl14_share|P|ln|lnn30|0|1|1228800||utecl14_share||primary||lnn30f1v1|lnn30f1|utecl14_share
pshare|lnn30f1/npecl11_share|P|ln|lnn30|0|1|1228800||npecl11_share||primary||lnn30f1v1|lnn30f1|npecl11_share
pshare|lnn30f1/npecl12_share|P|ln|lnn30|0|1|1228800||npecl12_share||primary||lnn30f1v1|lnn30f1|npecl12_share
pshare|lnn30f1/test_v2_share|P|ln|lnn30|0|1|1228800||test_v2_share||primary||lnn30f1v1|lnn30f1|test_v2_share
# End of nasobjects.map
